\BOOKMARK [1][-]{section.1}{\376\377\000I\000n\000t\000r\000o\000d\000u\000c\000c\000i\000\363\000n}{}% 1
\BOOKMARK [1][-]{section.2}{\376\377\000O\000b\000j\000e\000t\000i\000v\000o\000s}{}% 2
\BOOKMARK [1][-]{section.3}{\376\377\000M\000a\000r\000c\000o\000\040\000t\000e\000\363\000r\000i\000c\000o}{}% 3
\BOOKMARK [2][-]{subsection.3.1}{\376\377\000M\000a\000t\000e\000r\000i\000a\000l\000\040\000F\000e\000r\000r\000o\000m\000a\000g\000n\000\351\000t\000i\000c\000o}{section.3}% 4
\BOOKMARK [2][-]{subsection.3.2}{\376\377\000C\000i\000r\000c\000u\000i\000t\000o\000\040\000M\000a\000g\000n\000\351\000t\000i\000c\000o\000\040\000y\000\040\000N\000\372\000c\000l\000e\000o\000\040\000F\000e\000r\000r\000o\000m\000a\000g\000n\000\351\000t\000i\000c\000o}{section.3}% 5
\BOOKMARK [2][-]{subsection.3.3}{\376\377\000N\000\372\000c\000l\000e\000o\000\040\000M\000a\000c\000i\000z\000o}{section.3}% 6
\BOOKMARK [2][-]{subsection.3.4}{\376\377\000N\000\372\000c\000l\000e\000o\000\040\000L\000a\000m\000i\000n\000a\000d\000o}{section.3}% 7
\BOOKMARK [2][-]{subsection.3.5}{\376\377\000P\000\351\000r\000d\000i\000d\000a\000s\000\040\000d\000e\000\040\000E\000n\000e\000r\000g\000\355\000a\000\040\000e\000n\000\040\000N\000\372\000c\000l\000e\000o\000s\000\040\000F\000e\000r\000r\000o\000m\000a\000g\000n\000\351\000t\000i\000c\000o\000s}{section.3}% 8
\BOOKMARK [3][-]{subsubsection.3.5.1}{\376\377\000P\000\351\000r\000d\000i\000d\000a\000s\000\040\000p\000o\000r\000\040\000H\000i\000s\000t\000\351\000r\000e\000s\000i\000s\000\040\000\050\000P\000h\000\051}{subsection.3.5}% 9
\BOOKMARK [3][-]{subsubsection.3.5.2}{\376\377\000P\000\351\000r\000d\000i\000d\000a\000s\000\040\000p\000o\000r\000\040\000C\000o\000r\000r\000i\000e\000n\000t\000e\000s\000\040\000d\000e\000\040\000F\000o\000u\000c\000a\000u\000l\000t\000\040\000\050\000P\000e\000\051}{subsection.3.5}% 10
\BOOKMARK [2][-]{subsection.3.6}{\376\377\000C\000i\000c\000l\000o\000\040\000d\000e\000\040\000H\000i\000s\000t\000\351\000r\000e\000s\000i\000s}{section.3}% 11
\BOOKMARK [2][-]{subsection.3.7}{\376\377\000\040\000P\000r\000i\000n\000c\000i\000p\000i\000o\000\040\000d\000e\000\040\000F\000u\000n\000c\000i\000o\000n\000a\000m\000i\000e\000n\000t\000o\000\040\000d\000e\000l\000\040\000C\000i\000r\000c\000u\000i\000t\000o\000\040\000I\000n\000t\000e\000g\000r\000a\000d\000o\000r}{section.3}% 12
\BOOKMARK [2][-]{subsection.3.8}{\376\377\000F\000a\000c\000t\000o\000r\000e\000s\000\040\000d\000e\000\040\000E\000s\000c\000a\000l\000a\000\040\000d\000e\000l\000\040\000O\000s\000c\000i\000l\000o\000s\000c\000o\000p\000i\000o}{section.3}% 13
\BOOKMARK [3][-]{subsubsection.3.8.1}{\376\377\000F\000a\000c\000t\000o\000r\000\040\000d\000e\000\040\000E\000s\000c\000a\000l\000a\000\040\000V\000e\000r\000t\000i\000c\000a\000l\000\040\000\050\000K\000v\000\051}{subsection.3.8}% 14
\BOOKMARK [3][-]{subsubsection.3.8.2}{\376\377\000F\000a\000c\000t\000o\000r\000\040\000d\000e\000\040\000E\000s\000c\000a\000l\000a\000\040\000H\000o\000r\000i\000z\000o\000n\000t\000a\000l\000\040\000\050\000K\000h\000\051}{subsection.3.8}% 15
\BOOKMARK [1][-]{section.4}{\376\377\000E\000q\000u\000i\000p\000o\000s\000\040\000e\000\040\000i\000n\000s\000t\000r\000u\000m\000e\000n\000t\000a\000c\000i\000\363\000n}{}% 16
\BOOKMARK [1][-]{section.5}{\376\377\000D\000i\000a\000g\000r\000a\000m\000a\000s\000\040\000d\000e\000\040\000c\000o\000n\000e\000x\000i\000o\000n\000e\000s}{}% 17
\BOOKMARK [1][-]{section.6}{\376\377\000M\000e\000t\000o\000d\000o\000l\000o\000g\000\355\000a}{}% 18
\BOOKMARK [2][-]{subsection.6.1}{\376\377\000N\000\372\000c\000l\000e\000o\000\040\000M\000a\000c\000i\000z\000o}{section.6}% 19
\BOOKMARK [2][-]{subsection.6.2}{\376\377\000N\000\372\000c\000l\000e\000o\000\040\000L\000a\000m\000i\000n\000a\000d\000o}{section.6}% 20
\BOOKMARK [1][-]{section.7}{\376\377\000R\000e\000s\000u\000l\000t\000a\000d\000o\000s}{}% 21
\BOOKMARK [1][-]{section.8}{\376\377\000A\000n\000a\000l\000i\000s\000i\000s\000\040\000d\000e\000\040\000r\000e\000s\000u\000l\000t\000a\000d\000o\000s}{}% 22
\BOOKMARK [1][-]{section.9}{\376\377\000C\000o\000n\000c\000l\000u\000s\000i\000o\000n\000e\000s}{}% 23
\BOOKMARK [1][-]{section.10}{\376\377\000R\000e\000f\000e\000r\000e\000n\000c\000i\000a\000s}{}% 24
